> 
*** Yes
> > 
*** Yes
A = ===(X), X = @.
--1> 
*** Yes
A = true, X = @.
----2> 
*** No
A = ===(X), X = @.
--1> 
*** Yes
A = false, X = @.
----2> 
*** No
A = ===(X), X = @.
--1> 
*** No
> 
*** Yes
A = ===(2 => X), X = @.
--1> 
*** Yes
A = false, X = @, Y = @.
----2> 
*** No
A = ===(2 => X), X = @.
--1> 
*** Yes
A = true, X = @.
----2> 
*** No
A = ===(2 => X), X = @.
--1> 
*** No
> 
*** Yes
A = ===(X), B = ===(2 => X), X = @.
--1> 
*** Yes
A = true, B = A, X = @.
----2> 
*** No
A = ===(X), B = ===(2 => X), X = @.
--1> 
*** No
> 
