> 
*** Yes
> > 
*** Yes
A = @, B = @('' => A).
--1> 
*** Yes
A = [''], B = @('' => A).
----2> 
*** No
A = @, B = @('' => A).
--1> 
*** Yes
A = @, B = @(0 => 22,'' => A).
----2> 
*** Yes
A = [0,''], B = @(0 => 22,'' => A).
------3> 
*** No
A = @, B = @(0 => 22,'' => A).
----2> 
*** No
A = @, B = @('' => A).
--1> 
*** No
> 
*** Yes
B = @('' => Q), Q = @.
--1> 
*** Yes
B = @(0 => W,'' => Q), Q = @, W = @.
----2> 
*** No
B = @('' => Q), Q = @.
--1> 
*** No
> 
*** Yes
A = s(234 => S), S = @.
--1> 
*** Yes
A = s(234 => S), S = @, T = S.
----2> 
*** No
A = s(234 => S), S = @.
--1> 
*** No
> 
