> 
*** Yes
> > 1

*** Yes
A = 1.
--1> 
*** No
> 1

*** No
> 1
2
3

*** No
> 
*** Yes
A = @~.
--1> 1

*** Yes
A = 1.
----2> 
*** No
A = 1.
----2> 
*** No
A = @~.
--1> 
*** No
A = @~.
--1> 
*** No
A = @~.
--1> 
*** No
A = @~.
--1> 
*** Yes
A = @~.
--1> 
*** Yes
A = @~~.
----2> 234234

*** Yes
A = 234.
------3> 
*** No
A = @~~.
----2> 
*** No
A = @~.
--1> 
