> 
*** Yes
> > 
*** Yes
A = 3.
--1> 
*** No
> 
*** Yes
A = 3.
--1> 
*** No
> 
*** No
> > 
*** Yes
A = 5.
--1> 
*** No
> 
*** Yes
A = 5.
--1> 
*** No
> 
*** Yes
A = 5.
--1> 
*** No
> 
*** Yes
A = 5.
--1> 
*** No
> 
*** No
> > 
*** No
> > 
*** Yes
A = 6.
--1> 
*** No
> 
*** Yes
A = 6.
--1> 
*** No
> 
*** Yes
A = 123.
--1> 
*** No
> 
*** Yes
A = 123.
--1> 
*** No
> 
*** Yes
A = 123.
--1> 
*** No
> 
*** No
> > 
*** Yes
A = 7.
--1> 
*** No
> 
*** Yes
A = v(2,3,5).
--1> 
*** No
> 
*** Yes
A = v(1,4,6).
--1> 
*** No
> 
*** No
> > 
*** Yes
A = v(2,3).
--1> 
*** No
> 
*** Yes
A = v(1,4).
--1> 
*** No
> 
