> 
*** Yes
> > 
*** Yes
X = f(b => 0).
--1> 
*** Yes
X = 2.
----2> 
*** No
X = f(b => 0).
--1> 
*** No
> 
