> 
*** Yes
> > 
*** No
> 
*** No
> 
*** No
> 
*** Yes
A = \.
--1> 
*** No
> 
*** No
> 
*** No
> 
*** No
> 
*** No
> 
*** No
> 
*** No
> 
*** No
> 
*** No
> 
*** Yes
--1> 
*** Yes
A = quick asd fox.
----2> 
*** Yes
A = quick asd fox, B = asd.
------3> > > 
